// Jest Snapshot v1, https://goo.gl/fbAQLP

exports[`Pruebas en el componente <HookApp /> Debe mostrar el componente correctamente 1`] = `
<div>
  <h1>
    App Hook!
  </h1>
</div>
`;
